stm32l0xx_ll_rtc.h:752:22:LL_RTC_SetHourFormat	16	static
stm32l0xx_ll_rtc.h:765:26:LL_RTC_GetHourFormat	16	static
stm32l0xx_ll_rtc.h:840:22:LL_RTC_EnableInitMode	16	static
stm32l0xx_ll_rtc.h:852:22:LL_RTC_DisableInitMode	16	static
stm32l0xx_ll_rtc.h:915:26:LL_RTC_IsShadowRegBypassEnabled	16	static
stm32l0xx_ll_rtc.h:953:22:LL_RTC_SetAsynchPrescaler	16	static
stm32l0xx_ll_rtc.h:965:22:LL_RTC_SetSynchPrescaler	16	static
stm32l0xx_ll_rtc.h:998:22:LL_RTC_EnableWriteProtection	16	static
stm32l0xx_ll_rtc.h:1009:22:LL_RTC_DisableWriteProtection	16	static
stm32l0xx_ll_rtc.h:1213:22:LL_RTC_TIME_Config	32	static
stm32l0xx_ll_rtc.h:1552:22:LL_RTC_DATE_Config	32	static
stm32l0xx_ll_rtc.h:1639:22:LL_RTC_ALMA_SetMask	16	static
stm32l0xx_ll_rtc.h:1670:22:LL_RTC_ALMA_EnableWeekday	16	static
stm32l0xx_ll_rtc.h:1681:22:LL_RTC_ALMA_DisableWeekday	16	static
stm32l0xx_ll_rtc.h:1695:22:LL_RTC_ALMA_SetDay	16	static
stm32l0xx_ll_rtc.h:1731:22:LL_RTC_ALMA_SetWeekDay	16	static
stm32l0xx_ll_rtc.h:1892:22:LL_RTC_ALMA_ConfigTime	32	static
stm32l0xx_ll_rtc.h:2017:22:LL_RTC_ALMB_SetMask	16	static
stm32l0xx_ll_rtc.h:2048:22:LL_RTC_ALMB_EnableWeekday	16	static
stm32l0xx_ll_rtc.h:2059:22:LL_RTC_ALMB_DisableWeekday	16	static
stm32l0xx_ll_rtc.h:2073:22:LL_RTC_ALMB_SetDay	16	static
stm32l0xx_ll_rtc.h:2109:22:LL_RTC_ALMB_SetWeekDay	16	static
stm32l0xx_ll_rtc.h:2270:22:LL_RTC_ALMB_ConfigTime	32	static
stm32l0xx_ll_rtc.h:3375:26:LL_RTC_IsActiveFlag_INIT	16	static
stm32l0xx_ll_rtc.h:3386:26:LL_RTC_IsActiveFlag_RS	16	static
stm32l0xx_ll_rtc.h:3397:22:LL_RTC_ClearFlag_RS	16	static
stm32l0xx_ll_cortex.h:219:26:LL_SYSTICK_IsActiveCounterFlag	8	static
stm32l0xx_ll_rtc.c:149:13:LL_RTC_DeInit	32	static
stm32l0xx_ll_rtc.c:213:13:LL_RTC_Init	24	static
stm32l0xx_ll_rtc.c:252:6:LL_RTC_StructInit	16	static
stm32l0xx_ll_rtc.c:272:13:LL_RTC_TIME_Init	56	static
stm32l0xx_ll_rtc.c:354:6:LL_RTC_TIME_StructInit	16	static
stm32l0xx_ll_rtc.c:375:13:LL_RTC_DATE_Init	56	static
stm32l0xx_ll_rtc.c:442:6:LL_RTC_DATE_StructInit	16	static
stm32l0xx_ll_rtc.c:465:13:LL_RTC_ALMA_Init	48	static
stm32l0xx_ll_rtc.c:583:13:LL_RTC_ALMB_Init	48	static
stm32l0xx_ll_rtc.c:693:6:LL_RTC_ALMA_StructInit	16	static
stm32l0xx_ll_rtc.c:715:6:LL_RTC_ALMB_StructInit	16	static
stm32l0xx_ll_rtc.c:740:13:LL_RTC_EnterInitMode	32	static
stm32l0xx_ll_rtc.c:784:13:LL_RTC_ExitInitMode	16	static
stm32l0xx_ll_rtc.c:811:13:LL_RTC_WaitForSynchro	32	static
