stm32l0xx_ll_adc.h:1685:22:LL_ADC_SetCommonClock	16	static
stm32l0xx_ll_adc.h:2223:22:LL_ADC_REG_SetTriggerSource	16	static
stm32l0xx_ll_adc.h:3374:22:LL_ADC_Disable	16	static
stm32l0xx_ll_adc.h:3393:26:LL_ADC_IsEnabled	16	static
stm32l0xx_ll_adc.h:3404:26:LL_ADC_IsDisableOngoing	16	static
stm32l0xx_ll_adc.h:3501:22:LL_ADC_REG_StopConversion	16	static
stm32l0xx_ll_adc.h:3517:26:LL_ADC_REG_IsConversionOngoing	16	static
stm32l0xx_ll_adc.h:3528:26:LL_ADC_REG_IsStopConversionOngoing	16	static
stm32l0xx_ll_bus.h:873:22:LL_APB2_GRP1_ForceReset	16	static
stm32l0xx_ll_bus.h:900:22:LL_APB2_GRP1_ReleaseReset	16	static
stm32l0xx_ll_adc.c:211:13:LL_ADC_CommonDeInit	16	static
stm32l0xx_ll_adc.c:240:13:LL_ADC_CommonInit	24	static
stm32l0xx_ll_adc.c:277:6:LL_ADC_CommonStructInit	16	static
stm32l0xx_ll_adc.c:301:13:LL_ADC_DeInit	24	static
stm32l0xx_ll_adc.c:480:13:LL_ADC_Init	24	static
stm32l0xx_ll_adc.c:532:6:LL_ADC_StructInit	16	static
stm32l0xx_ll_adc.c:575:13:LL_ADC_REG_Init	24	static
stm32l0xx_ll_adc.c:632:6:LL_ADC_REG_StructInit	16	static
