Archive member included to satisfy reference by file (symbol)

/home/edgarz/Downloads/st-stm32cubeide_1.2.0_5034_20200108_0926_amd64.sh.root/y/plugins/com.st.stm32cube.ide.mcu.externaltools.gnu-tools-for-stm32.7-2018-q2-update.linux64_1.0.0.201904181610/tools/bin/../lib/gcc/arm-none-eabi/7.3.1/../../../../arm-none-eabi/lib/thumb/v6-m/libc_nano.a(lib_a-errno.o)
                              Core/Src/syscalls.o (__errno)
/home/edgarz/Downloads/st-stm32cubeide_1.2.0_5034_20200108_0926_amd64.sh.root/y/plugins/com.st.stm32cube.ide.mcu.externaltools.gnu-tools-for-stm32.7-2018-q2-update.linux64_1.0.0.201904181610/tools/bin/../lib/gcc/arm-none-eabi/7.3.1/../../../../arm-none-eabi/lib/thumb/v6-m/libc_nano.a(lib_a-exit.o)
                              /home/edgarz/Downloads/st-stm32cubeide_1.2.0_5034_20200108_0926_amd64.sh.root/y/plugins/com.st.stm32cube.ide.mcu.externaltools.gnu-tools-for-stm32.7-2018-q2-update.linux64_1.0.0.201904181610/tools/bin/../lib/gcc/arm-none-eabi/7.3.1/../../../../arm-none-eabi/lib/thumb/v6-m/crt0.o (exit)
/home/edgarz/Downloads/st-stm32cubeide_1.2.0_5034_20200108_0926_amd64.sh.root/y/plugins/com.st.stm32cube.ide.mcu.externaltools.gnu-tools-for-stm32.7-2018-q2-update.linux64_1.0.0.201904181610/tools/bin/../lib/gcc/arm-none-eabi/7.3.1/../../../../arm-none-eabi/lib/thumb/v6-m/libc_nano.a(lib_a-impure.o)
                              /home/edgarz/Downloads/st-stm32cubeide_1.2.0_5034_20200108_0926_amd64.sh.root/y/plugins/com.st.stm32cube.ide.mcu.externaltools.gnu-tools-for-stm32.7-2018-q2-update.linux64_1.0.0.201904181610/tools/bin/../lib/gcc/arm-none-eabi/7.3.1/../../../../arm-none-eabi/lib/thumb/v6-m/libc_nano.a(lib_a-exit.o) (_global_impure_ptr)
/home/edgarz/Downloads/st-stm32cubeide_1.2.0_5034_20200108_0926_amd64.sh.root/y/plugins/com.st.stm32cube.ide.mcu.externaltools.gnu-tools-for-stm32.7-2018-q2-update.linux64_1.0.0.201904181610/tools/bin/../lib/gcc/arm-none-eabi/7.3.1/../../../../arm-none-eabi/lib/thumb/v6-m/libc_nano.a(lib_a-init.o)
                              /home/edgarz/Downloads/st-stm32cubeide_1.2.0_5034_20200108_0926_amd64.sh.root/y/plugins/com.st.stm32cube.ide.mcu.externaltools.gnu-tools-for-stm32.7-2018-q2-update.linux64_1.0.0.201904181610/tools/bin/../lib/gcc/arm-none-eabi/7.3.1/../../../../arm-none-eabi/lib/thumb/v6-m/crt0.o (__libc_init_array)
/home/edgarz/Downloads/st-stm32cubeide_1.2.0_5034_20200108_0926_amd64.sh.root/y/plugins/com.st.stm32cube.ide.mcu.externaltools.gnu-tools-for-stm32.7-2018-q2-update.linux64_1.0.0.201904181610/tools/bin/../lib/gcc/arm-none-eabi/7.3.1/../../../../arm-none-eabi/lib/thumb/v6-m/libc_nano.a(lib_a-memset.o)
                              /home/edgarz/Downloads/st-stm32cubeide_1.2.0_5034_20200108_0926_amd64.sh.root/y/plugins/com.st.stm32cube.ide.mcu.externaltools.gnu-tools-for-stm32.7-2018-q2-update.linux64_1.0.0.201904181610/tools/bin/../lib/gcc/arm-none-eabi/7.3.1/../../../../arm-none-eabi/lib/thumb/v6-m/crt0.o (memset)
/home/edgarz/Downloads/st-stm32cubeide_1.2.0_5034_20200108_0926_amd64.sh.root/y/plugins/com.st.stm32cube.ide.mcu.externaltools.gnu-tools-for-stm32.7-2018-q2-update.linux64_1.0.0.201904181610/tools/bin/../lib/gcc/arm-none-eabi/7.3.1/thumb/v6-m/libgcc.a(_udivsi3.o)
                              Core/Src/system_stm32l0xx.o (__aeabi_uidiv)
/home/edgarz/Downloads/st-stm32cubeide_1.2.0_5034_20200108_0926_amd64.sh.root/y/plugins/com.st.stm32cube.ide.mcu.externaltools.gnu-tools-for-stm32.7-2018-q2-update.linux64_1.0.0.201904181610/tools/bin/../lib/gcc/arm-none-eabi/7.3.1/thumb/v6-m/libgcc.a(_dvmd_tls.o)
                              /home/edgarz/Downloads/st-stm32cubeide_1.2.0_5034_20200108_0926_amd64.sh.root/y/plugins/com.st.stm32cube.ide.mcu.externaltools.gnu-tools-for-stm32.7-2018-q2-update.linux64_1.0.0.201904181610/tools/bin/../lib/gcc/arm-none-eabi/7.3.1/thumb/v6-m/libgcc.a(_udivsi3.o) (__aeabi_idiv0)

Discarded input sections

 .text          0x0000000000000000        0x0 /home/edgarz/Downloads/st-stm32cubeide_1.2.0_5034_20200108_0926_amd64.sh.root/y/plugins/com.st.stm32cube.ide.mcu.externaltools.gnu-tools-for-stm32.7-2018-q2-update.linux64_1.0.0.201904181610/tools/bin/../lib/gcc/arm-none-eabi/7.3.1/thumb/v6-m/crti.o
 .data          0x0000000000000000        0x0 /home/edgarz/Downloads/st-stm32cubeide_1.2.0_5034_20200108_0926_amd64.sh.root/y/plugins/com.st.stm32cube.ide.mcu.externaltools.gnu-tools-for-stm32.7-2018-q2-update.linux64_1.0.0.201904181610/tools/bin/../lib/gcc/arm-none-eabi/7.3.1/thumb/v6-m/crti.o
 .bss           0x0000000000000000        0x0 /home/edgarz/Downloads/st-stm32cubeide_1.2.0_5034_20200108_0926_amd64.sh.root/y/plugins/com.st.stm32cube.ide.mcu.externaltools.gnu-tools-for-stm32.7-2018-q2-update.linux64_1.0.0.201904181610/tools/bin/../lib/gcc/arm-none-eabi/7.3.1/thumb/v6-m/crti.o
[...]
Memory Configuration

Name             Origin             Length             Attributes
RAM              0x0000000020000000 0x0000000000002000 xrw
FLASH            0x0000000008000000 0x0000000000008000 xr
*default*        0x0000000000000000 0xffffffffffffffff

Linker script and memory map

LOAD /home/edgarz/Downloads/st-stm32cubeide_1.2.0_5034_20200108_0926_amd64.sh.root/y/plugins/com.st.stm32cube.ide.mcu.externaltools.gnu-tools-for-stm32.7-2018-q2-update.linux64_1.0.0.201904181610/tools/bin/../lib/gcc/arm-none-eabi/7.3.1/thumb/v6-m/crti.o
LOAD /home/edgarz/Downloads/st-stm32cubeide_1.2.0_5034_20200108_0926_amd64.sh.root/y/plugins/com.st.stm32cube.ide.mcu.externaltools.gnu-tools-for-stm32.7-2018-q2-update.linux64_1.0.0.201904181610/tools/bin/../lib/gcc/arm-none-eabi/7.3.1/thumb/v6-m/crtbegin.o
LOAD /home/edgarz/Downloads/st-stm32cubeide_1.2.0_5034_20200108_0926_amd64.sh.root/y/plugins/com.st.stm32cube.ide.mcu.externaltools.gnu-tools-for-stm32.7-2018-q2-update.linux64_1.0.0.201904181610/tools/bin/../lib/gcc/arm-none-eabi/7.3.1/../../../../arm-none-eabi/lib/thumb/v6-m/crt0.o
LOAD Core/Src/BinaryWristWatch.o
LOAD Core/Src/main.o
LOAD Core/Src/stm32l0xx_it.o
LOAD Core/Src/syscalls.o
LOAD Core/Src/sysmem.o
LOAD Core/Src/system_stm32l0xx.o
LOAD Core/Startup/startup_stm32l031k6tx.o
LOAD Drivers/STM32L0xx_HAL_Driver/Src/stm32l0xx_ll_adc.o
LOAD Drivers/STM32L0xx_HAL_Driver/Src/stm32l0xx_ll_dma.o
LOAD Drivers/STM32L0xx_HAL_Driver/Src/stm32l0xx_ll_exti.o
LOAD Drivers/STM32L0xx_HAL_Driver/Src/stm32l0xx_ll_gpio.o
LOAD Drivers/STM32L0xx_HAL_Driver/Src/stm32l0xx_ll_pwr.o
LOAD Drivers/STM32L0xx_HAL_Driver/Src/stm32l0xx_ll_rcc.o
LOAD Drivers/STM32L0xx_HAL_Driver/Src/stm32l0xx_ll_rtc.o
LOAD Drivers/STM32L0xx_HAL_Driver/Src/stm32l0xx_ll_utils.o
START GROUP
LOAD /home/edgarz/Downloads/st-stm32cubeide_1.2.0_5034_20200108_0926_amd64.sh.root/y/plugins/com.st.stm32cube.ide.mcu.externaltools.gnu-tools-for-stm32.7-2018-q2-update.linux64_1.0.0.201904181610/tools/bin/../lib/gcc/arm-none-eabi/7.3.1/../../../../arm-none-eabi/lib/thumb/v6-m/libc_nano.a
LOAD /home/edgarz/Downloads/st-stm32cubeide_1.2.0_5034_20200108_0926_amd64.sh.root/y/plugins/com.st.stm32cube.ide.mcu.externaltools.gnu-tools-for-stm32.7-2018-q2-update.linux64_1.0.0.201904181610/tools/bin/../lib/gcc/arm-none-eabi/7.3.1/../../../../arm-none-eabi/lib/thumb/v6-m/libm.a
END GROUP
START GROUP
LOAD /home/edgarz/Downloads/st-stm32cubeide_1.2.0_5034_20200108_0926_amd64.sh.root/y/plugins/com.st.stm32cube.ide.mcu.externaltools.gnu-tools-for-stm32.7-2018-q2-update.linux64_1.0.0.201904181610/tools/bin/../lib/gcc/arm-none-eabi/7.3.1/thumb/v6-m/libgcc.a
LOAD /home/edgarz/Downloads/st-stm32cubeide_1.2.0_5034_20200108_0926_amd64.sh.root/y/plugins/com.st.stm32cube.ide.mcu.externaltools.gnu-tools-for-stm32.7-2018-q2-update.linux64_1.0.0.201904181610/tools/bin/../lib/gcc/arm-none-eabi/7.3.1/../../../../arm-none-eabi/lib/thumb/v6-m/libc_nano.a
END GROUP
START GROUP
LOAD /home/edgarz/Downloads/st-stm32cubeide_1.2.0_5034_20200108_0926_amd64.sh.root/y/plugins/com.st.stm32cube.ide.mcu.externaltools.gnu-tools-for-stm32.7-2018-q2-update.linux64_1.0.0.201904181610/tools/bin/../lib/gcc/arm-none-eabi/7.3.1/thumb/v6-m/libgcc.a
LOAD /home/edgarz/Downloads/st-stm32cubeide_1.2.0_5034_20200108_0926_amd64.sh.root/y/plugins/com.st.stm32cube.ide.mcu.externaltools.gnu-tools-for-stm32.7-2018-q2-update.linux64_1.0.0.201904181610/tools/bin/../lib/gcc/arm-none-eabi/7.3.1/../../../../arm-none-eabi/lib/thumb/v6-m/libc_nano.a
LOAD /home/edgarz/Downloads/st-stm32cubeide_1.2.0_5034_20200108_0926_amd64.sh.root/y/plugins/com.st.stm32cube.ide.mcu.externaltools.gnu-tools-for-stm32.7-2018-q2-update.linux64_1.0.0.201904181610/tools/bin/../lib/gcc/arm-none-eabi/7.3.1/../../../../arm-none-eabi/lib/thumb/v6-m/libnosys.a
END GROUP
START GROUP
LOAD /home/edgarz/Downloads/st-stm32cubeide_1.2.0_5034_20200108_0926_amd64.sh.root/y/plugins/com.st.stm32cube.ide.mcu.externaltools.gnu-tools-for-stm32.7-2018-q2-update.linux64_1.0.0.201904181610/tools/bin/../lib/gcc/arm-none-eabi/7.3.1/thumb/v6-m/libgcc.a
LOAD /home/edgarz/Downloads/st-stm32cubeide_1.2.0_5034_20200108_0926_amd64.sh.root/y/plugins/com.st.stm32cube.ide.mcu.externaltools.gnu-tools-for-stm32.7-2018-q2-update.linux64_1.0.0.201904181610/tools/bin/../lib/gcc/arm-none-eabi/7.3.1/../../../../arm-none-eabi/lib/thumb/v6-m/libc_nano.a
LOAD /home/edgarz/Downloads/st-stm32cubeide_1.2.0_5034_20200108_0926_amd64.sh.root/y/plugins/com.st.stm32cube.ide.mcu.externaltools.gnu-tools-for-stm32.7-2018-q2-update.linux64_1.0.0.201904181610/tools/bin/../lib/gcc/arm-none-eabi/7.3.1/../../../../arm-none-eabi/lib/thumb/v6-m/libnosys.a
END GROUP
LOAD /home/edgarz/Downloads/st-stm32cubeide_1.2.0_5034_20200108_0926_amd64.sh.root/y/plugins/com.st.stm32cube.ide.mcu.externaltools.gnu-tools-for-stm32.7-2018-q2-update.linux64_1.0.0.201904181610/tools/bin/../lib/gcc/arm-none-eabi/7.3.1/thumb/v6-m/crtend.o
LOAD /home/edgarz/Downloads/st-stm32cubeide_1.2.0_5034_20200108_0926_amd64.sh.root/y/plugins/com.st.stm32cube.ide.mcu.externaltools.gnu-tools-for-stm32.7-2018-q2-update.linux64_1.0.0.201904181610/tools/bin/../lib/gcc/arm-none-eabi/7.3.1/thumb/v6-m/crtn.o
                0x0000000020002000                _estack = (ORIGIN (RAM) + LENGTH (RAM))
                0x0000000000000200                _Min_Heap_Size = 0x200
                0x0000000000000400                _Min_Stack_Size = 0x400

.isr_vector     0x0000000008000000       0xc0
                0x0000000008000000                . = ALIGN (0x4)
 *(.isr_vector)
 .isr_vector    0x0000000008000000       0xc0 Core/Startup/startup_stm32l031k6tx.o
                0x0000000008000000                g_pfnVectors
                0x00000000080000c0                . = ALIGN (0x4)

.text           0x00000000080000c0     0x1b7c
                0x00000000080000c0                . = ALIGN (0x4)
 *(.text)
 .text          0x00000000080000c0       0x48 /home/edgarz/Downloads/st-stm32cubeide_1.2.0_5034_20200108_0926_amd64.sh.root/y/plugins/com.st.stm32cube.ide.mcu.externaltools.gnu-tools-for-stm32.7-2018-q2-update.linux64_1.0.0.201904181610/tools/bin/../lib/gcc/arm-none-eabi/7.3.1/thumb/v6-m/crtbegin.o
 .text          0x0000000008000108      0x114 /home/edgarz/Downloads/st-stm32cubeide_1.2.0_5034_20200108_0926_amd64.sh.root/y/plugins/com.st.stm32cube.ide.mcu.externaltools.gnu-tools-for-stm32.7-2018-q2-update.linux64_1.0.0.201904181610/tools/bin/../lib/gcc/arm-none-eabi/7.3.1/thumb/v6-m/libgcc.a(_udivsi3.o)
                0x0000000008000108                __udivsi3
                0x0000000008000108                __aeabi_uidiv
                0x0000000008000214                __aeabi_uidivmod
 .text          0x000000000800021c        0x4 /home/edgarz/Downloads/st-stm32cubeide_1.2.0_5034_20200108_0926_amd64.sh.root/y/plugins/com.st.stm32cube.ide.mcu.externaltools.gnu-tools-for-stm32.7-2018-q2-update.linux64_1.0.0.201904181610/tools/bin/../lib/gcc/arm-none-eabi/7.3.1/thumb/v6-m/libgcc.a(_dvmd_tls.o)
                0x000000000800021c                __aeabi_ldiv0
                0x000000000800021c                __aeabi_idiv0
 *(.text*)
 .text.LL_GPIO_SetOutputPin
                0x0000000008000220       0x18 Core/Src/BinaryWristWatch.o
 .text.LL_GPIO_ResetOutputPin
                0x0000000008000238       0x18 Core/Src/BinaryWristWatch.o
 .text.set_LED  0x0000000008000250       0x74 Core/Src/BinaryWristWatch.o
                0x0000000008000250                set_LED
 .text.reset_LED
                0x00000000080002c4       0x40 Core/Src/BinaryWristWatch.o
                0x00000000080002c4                reset_LED
 .text.set_lower_seconds
                0x0000000008000304      0x130 Core/Src/BinaryWristWatch.o
                0x0000000008000304                set_lower_seconds
 .text.set_upper_seconds
                0x0000000008000434       0xa4 Core/Src/BinaryWristWatch.o
                0x0000000008000434                set_upper_seconds
 .text.NVIC_EnableIRQ
                0x00000000080004d8       0x2c Core/Src/main.o
 .text.NVIC_SetPriority
                0x0000000008000504       0xdc Core/Src/main.o
 .text.LL_ADC_SetCommonFrequencyMode
                0x00000000080005e0       0x28 Core/Src/main.o
 .text.LL_ADC_SetSamplingTimeCommonChannels
                0x0000000008000608       0x24 Core/Src/main.o
 .text.LL_ADC_REG_SetSequencerScanDirection
                0x000000000800062c       0x24 Core/Src/main.o
 .text.LL_ADC_REG_SetSequencerChAdd
                0x0000000008000650       0x22 Core/Src/main.o
 .text.LL_ADC_SetOverSamplingScope
                0x0000000008000672       0x24 Core/Src/main.o
 *fill*         0x0000000008000696        0x2 
 .text.LL_ADC_EnableInternalRegulator
                0x0000000008000698       0x28 Core/Src/main.o
 .text.LL_ADC_DisableIT_EOC
                0x00000000080006c0       0x1e Core/Src/main.o
 .text.LL_ADC_DisableIT_EOS
                0x00000000080006de       0x1e Core/Src/main.o
 .text.LL_DMA_SetDataTransferDirection
                0x00000000080006fc       0x48 Core/Src/main.o
 .text.LL_DMA_SetMode
                0x0000000008000744       0x44 Core/Src/main.o
 .text.LL_DMA_SetPeriphIncMode
                0x0000000008000788       0x44 Core/Src/main.o
 .text.LL_DMA_SetMemoryIncMode
                0x00000000080007cc       0x44 Core/Src/main.o
 .text.LL_DMA_SetPeriphSize
                0x0000000008000810       0x48 Core/Src/main.o
 .text.LL_DMA_SetMemorySize
                0x0000000008000858       0x48 Core/Src/main.o
 .text.LL_DMA_SetChannelPriorityLevel
                0x00000000080008a0       0x48 Core/Src/main.o
 .text.LL_DMA_SetPeriphRequest
                0x00000000080008e8       0x4c Core/Src/main.o
 .text.LL_RCC_LSI_Enable
                0x0000000008000934       0x1c Core/Src/main.o
 .text.LL_RCC_LSI_IsReady
                0x0000000008000950       0x20 Core/Src/main.o
 .text.LL_RCC_MSI_Enable
                0x0000000008000970       0x1c Core/Src/main.o
 .text.LL_RCC_MSI_IsReady
                0x000000000800098c       0x28 Core/Src/main.o
 .text.LL_RCC_MSI_SetRange
                0x00000000080009b4       0x2c Core/Src/main.o
 .text.LL_RCC_MSI_SetCalibTrimming
                0x00000000080009e0       0x28 Core/Src/main.o
 .text.LL_RCC_SetSysClkSource
                0x0000000008000a08       0x28 Core/Src/main.o
 .text.LL_RCC_GetSysClkSource
                0x0000000008000a30       0x18 Core/Src/main.o
 .text.LL_RCC_SetAHBPrescaler
                0x0000000008000a48       0x28 Core/Src/main.o
 .text.LL_RCC_SetAPB1Prescaler
                0x0000000008000a70       0x2c Core/Src/main.o
 .text.LL_RCC_SetAPB2Prescaler
                0x0000000008000a9c       0x2c Core/Src/main.o
 .text.LL_RCC_SetRTCClockSource
                0x0000000008000ac8       0x2c Core/Src/main.o
 .text.LL_RCC_EnableRTC
                0x0000000008000af4       0x1c Core/Src/main.o
 .text.LL_RCC_ForceBackupDomainReset
                0x0000000008000b10       0x1c Core/Src/main.o
 .text.LL_RCC_ReleaseBackupDomainReset
                0x0000000008000b2c       0x20 Core/Src/main.o
 .text.LL_AHB1_GRP1_EnableClock
                0x0000000008000b4c       0x2c Core/Src/main.o
 .text.LL_APB1_GRP1_EnableClock
                0x0000000008000b78       0x2c Core/Src/main.o
 .text.LL_APB2_GRP1_EnableClock
                0x0000000008000ba4       0x2c Core/Src/main.o
 .text.LL_IOP_GRP1_EnableClock
                0x0000000008000bd0       0x2c Core/Src/main.o
 .text.LL_FLASH_SetLatency
                0x0000000008000bfc       0x28 Core/Src/main.o
 .text.LL_FLASH_GetLatency
                0x0000000008000c24       0x18 Core/Src/main.o
 .text.LL_SYSTICK_SetClkSource
                0x0000000008000c3c       0x34 Core/Src/main.o
 .text.LL_SYSTICK_EnableIT
                0x0000000008000c70       0x1c Core/Src/main.o
 .text.LL_PWR_SetRegulVoltageScaling
                0x0000000008000c8c       0x2c Core/Src/main.o
 .text.LL_PWR_EnableBkUpAccess
                0x0000000008000cb8       0x1c Core/Src/main.o
 .text.main     0x0000000008000cd4       0x94 Core/Src/main.o
                0x0000000008000cd4                main
 .text.SystemClock_Config
                0x0000000008000d68       0xbc Core/Src/main.o
                0x0000000008000d68                SystemClock_Config
 .text.MX_ADC_Init
                0x0000000008000e24      0x178 Core/Src/main.o
 .text.MX_RTC_Init
                0x0000000008000f9c       0x94 Core/Src/main.o
 .text.MX_DMA_Init
                0x0000000008001030       0x1e Core/Src/main.o
 .text.Error_Handler
                0x000000000800104e        0xa Core/Src/main.o
                0x000000000800104e                Error_Handler
 .text.NMI_Handler
                0x0000000008001058        0xa Core/Src/stm32l0xx_it.o
                0x0000000008001058                NMI_Handler
 .text.HardFault_Handler
                0x0000000008001062        0x6 Core/Src/stm32l0xx_it.o
                0x0000000008001062                HardFault_Handler
 .text.SVC_Handler
                0x0000000008001068        0xa Core/Src/stm32l0xx_it.o
                0x0000000008001068                SVC_Handler
 .text.PendSV_Handler
                0x0000000008001072        0xa Core/Src/stm32l0xx_it.o
                0x0000000008001072                PendSV_Handler
 .text.SysTick_Handler
                0x000000000800107c       0x18 Core/Src/stm32l0xx_it.o
                0x000000000800107c                SysTick_Handler
 .text.DMA1_Channel1_IRQHandler
                0x0000000008001094        0xa Core/Src/stm32l0xx_it.o
                0x0000000008001094                DMA1_Channel1_IRQHandler
 *fill*         0x000000000800109e        0x2 
 .text.SystemInit
                0x00000000080010a0       0x7c Core/Src/system_stm32l0xx.o
                0x00000000080010a0                SystemInit
 .text.Reset_Handler
                0x000000000800111c       0x50 Core/Startup/startup_stm32l031k6tx.o
                0x000000000800111c                Reset_Handler
 .text.Default_Handler
                0x000000000800116c        0x2 Core/Startup/startup_stm32l031k6tx.o
                0x000000000800116c                ADC1_COMP_IRQHandler
                0x000000000800116c                PVD_IRQHandler
                0x000000000800116c                I2C1_IRQHandler
                0x000000000800116c                SPI1_IRQHandler
                0x000000000800116c                EXTI2_3_IRQHandler
                0x000000000800116c                RTC_IRQHandler
                0x000000000800116c                DMA1_Channel4_5_6_7_IRQHandler
                0x000000000800116c                EXTI4_15_IRQHandler
                0x000000000800116c                RCC_IRQHandler
                0x000000000800116c                Default_Handler
                0x000000000800116c                TIM22_IRQHandler
                0x000000000800116c                EXTI0_1_IRQHandler
                0x000000000800116c                TIM21_IRQHandler
                0x000000000800116c                WWDG_IRQHandler
                0x000000000800116c                LPUART1_IRQHandler
                0x000000000800116c                TIM2_IRQHandler
                0x000000000800116c                DMA1_Channel2_3_IRQHandler
                0x000000000800116c                USART2_IRQHandler
                0x000000000800116c                FLASH_IRQHandler
                0x000000000800116c                LPTIM1_IRQHandler
 .text.LL_ADC_IsEnabled
                0x000000000800116e       0x20 Drivers/STM32L0xx_HAL_Driver/Src/stm32l0xx_ll_adc.o
 *fill*         0x000000000800118e        0x2 
 .text.LL_ADC_Init
                0x0000000008001190       0x6c Drivers/STM32L0xx_HAL_Driver/Src/stm32l0xx_ll_adc.o
                0x0000000008001190                LL_ADC_Init
 .text.LL_ADC_REG_Init
                0x00000000080011fc       0x64 Drivers/STM32L0xx_HAL_Driver/Src/stm32l0xx_ll_adc.o
                0x00000000080011fc                LL_ADC_REG_Init
 .text.LL_GPIO_SetPinMode
                0x0000000008001260       0x3a Drivers/STM32L0xx_HAL_Driver/Src/stm32l0xx_ll_gpio.o
 .text.LL_GPIO_SetPinOutputType
                0x000000000800129a       0x2a Drivers/STM32L0xx_HAL_Driver/Src/stm32l0xx_ll_gpio.o
 .text.LL_GPIO_SetPinSpeed
                0x00000000080012c4       0x3a Drivers/STM32L0xx_HAL_Driver/Src/stm32l0xx_ll_gpio.o
 .text.LL_GPIO_SetPinPull
                0x00000000080012fe       0x3a Drivers/STM32L0xx_HAL_Driver/Src/stm32l0xx_ll_gpio.o
 .text.LL_GPIO_SetAFPin_0_7
                0x0000000008001338       0x4a Drivers/STM32L0xx_HAL_Driver/Src/stm32l0xx_ll_gpio.o
 .text.LL_GPIO_SetAFPin_8_15
                0x0000000008001382       0x5a Drivers/STM32L0xx_HAL_Driver/Src/stm32l0xx_ll_gpio.o
 .text.LL_GPIO_Init
                0x00000000080013dc       0xcc Drivers/STM32L0xx_HAL_Driver/Src/stm32l0xx_ll_gpio.o
                0x00000000080013dc                LL_GPIO_Init
 .text.LL_RTC_SetHourFormat
                0x00000000080014a8       0x24 Drivers/STM32L0xx_HAL_Driver/Src/stm32l0xx_ll_rtc.o
 .text.LL_RTC_GetHourFormat
                0x00000000080014cc       0x18 Drivers/STM32L0xx_HAL_Driver/Src/stm32l0xx_ll_rtc.o
 .text.LL_RTC_EnableInitMode
                0x00000000080014e4       0x18 Drivers/STM32L0xx_HAL_Driver/Src/stm32l0xx_ll_rtc.o
 .text.LL_RTC_DisableInitMode
                0x00000000080014fc       0x18 Drivers/STM32L0xx_HAL_Driver/Src/stm32l0xx_ll_rtc.o
 .text.LL_RTC_IsShadowRegBypassEnabled
                0x0000000008001514       0x22 Drivers/STM32L0xx_HAL_Driver/Src/stm32l0xx_ll_rtc.o
 *fill*         0x0000000008001536        0x2 
 .text.LL_RTC_SetAsynchPrescaler
                0x0000000008001538       0x28 Drivers/STM32L0xx_HAL_Driver/Src/stm32l0xx_ll_rtc.o
 .text.LL_RTC_SetSynchPrescaler
                0x0000000008001560       0x22 Drivers/STM32L0xx_HAL_Driver/Src/stm32l0xx_ll_rtc.o
 .text.LL_RTC_EnableWriteProtection
                0x0000000008001582       0x16 Drivers/STM32L0xx_HAL_Driver/Src/stm32l0xx_ll_rtc.o
 .text.LL_RTC_DisableWriteProtection
                0x0000000008001598       0x1c Drivers/STM32L0xx_HAL_Driver/Src/stm32l0xx_ll_rtc.o
 .text.LL_RTC_TIME_Config
                0x00000000080015b4       0x4c Drivers/STM32L0xx_HAL_Driver/Src/stm32l0xx_ll_rtc.o
 .text.LL_RTC_DATE_Config
                0x0000000008001600       0x50 Drivers/STM32L0xx_HAL_Driver/Src/stm32l0xx_ll_rtc.o
 .text.LL_RTC_IsActiveFlag_INIT
                0x0000000008001650       0x22 Drivers/STM32L0xx_HAL_Driver/Src/stm32l0xx_ll_rtc.o
 .text.LL_RTC_IsActiveFlag_RS
                0x0000000008001672       0x22 Drivers/STM32L0xx_HAL_Driver/Src/stm32l0xx_ll_rtc.o
 .text.LL_RTC_ClearFlag_RS
                0x0000000008001694       0x22 Drivers/STM32L0xx_HAL_Driver/Src/stm32l0xx_ll_rtc.o
 *fill*         0x00000000080016b6        0x2 
 .text.LL_SYSTICK_IsActiveCounterFlag
                0x00000000080016b8       0x28 Drivers/STM32L0xx_HAL_Driver/Src/stm32l0xx_ll_rtc.o
 .text.LL_RTC_Init
                0x00000000080016e0       0x78 Drivers/STM32L0xx_HAL_Driver/Src/stm32l0xx_ll_rtc.o
                0x00000000080016e0                LL_RTC_Init
 .text.LL_RTC_TIME_Init
                0x0000000008001758      0x154 Drivers/STM32L0xx_HAL_Driver/Src/stm32l0xx_ll_rtc.o
                0x0000000008001758                LL_RTC_TIME_Init
 .text.LL_RTC_DATE_Init
                0x00000000080018ac      0x150 Drivers/STM32L0xx_HAL_Driver/Src/stm32l0xx_ll_rtc.o
                0x00000000080018ac                LL_RTC_DATE_Init
 .text.LL_RTC_EnterInitMode
                0x00000000080019fc       0x86 Drivers/STM32L0xx_HAL_Driver/Src/stm32l0xx_ll_rtc.o
                0x00000000080019fc                LL_RTC_EnterInitMode
 .text.LL_RTC_WaitForSynchro
                0x0000000008001a82       0xd8 Drivers/STM32L0xx_HAL_Driver/Src/stm32l0xx_ll_rtc.o
                0x0000000008001a82                LL_RTC_WaitForSynchro
 *fill*         0x0000000008001b5a        0x2 
 .text.LL_InitTick
                0x0000000008001b5c       0x34 Drivers/STM32L0xx_HAL_Driver/Src/stm32l0xx_ll_utils.o
 .text.LL_Init1msTick
                0x0000000008001b90       0x1e Drivers/STM32L0xx_HAL_Driver/Src/stm32l0xx_ll_utils.o
                0x0000000008001b90                LL_Init1msTick
 *fill*         0x0000000008001bae        0x2 
 .text.LL_SetSystemCoreClock
                0x0000000008001bb0       0x1c Drivers/STM32L0xx_HAL_Driver/Src/stm32l0xx_ll_utils.o
                0x0000000008001bb0                LL_SetSystemCoreClock
 .text.__libc_init_array
                0x0000000008001bcc       0x48 /home/edgarz/Downloads/st-stm32cubeide_1.2.0_5034_20200108_0926_amd64.sh.root/y/plugins/com.st.stm32cube.ide.mcu.externaltools.gnu-tools-for-stm32.7-2018-q2-update.linux64_1.0.0.201904181610/tools/bin/../lib/gcc/arm-none-eabi/7.3.1/../../../../arm-none-eabi/lib/thumb/v6-m/libc_nano.a(lib_a-init.o)
                0x0000000008001bcc                __libc_init_array
 .text.memset   0x0000000008001c14       0x10 /home/edgarz/Downloads/st-stm32cubeide_1.2.0_5034_20200108_0926_amd64.sh.root/y/plugins/com.st.stm32cube.ide.mcu.externaltools.gnu-tools-for-stm32.7-2018-q2-update.linux64_1.0.0.201904181610/tools/bin/../lib/gcc/arm-none-eabi/7.3.1/../../../../arm-none-eabi/lib/thumb/v6-m/libc_nano.a(lib_a-memset.o)
                0x0000000008001c14                memset
 *(.glue_7)
 .glue_7        0x0000000008001c24        0x0 linker stubs
 *(.glue_7t)
 .glue_7t       0x0000000008001c24        0x0 linker stubs
 *(.eh_frame)
 .eh_frame      0x0000000008001c24        0x0 /home/edgarz/Downloads/st-stm32cubeide_1.2.0_5034_20200108_0926_amd64.sh.root/y/plugins/com.st.stm32cube.ide.mcu.externaltools.gnu-tools-for-stm32.7-2018-q2-update.linux64_1.0.0.201904181610/tools/bin/../lib/gcc/arm-none-eabi/7.3.1/thumb/v6-m/crtbegin.o
 *(.init)
 .init          0x0000000008001c24        0x4 /home/edgarz/Downloads/st-stm32cubeide_1.2.0_5034_20200108_0926_amd64.sh.root/y/plugins/com.st.stm32cube.ide.mcu.externaltools.gnu-tools-for-stm32.7-2018-q2-update.linux64_1.0.0.201904181610/tools/bin/../lib/gcc/arm-none-eabi/7.3.1/thumb/v6-m/crti.o
                0x0000000008001c24                _init
 .init          0x0000000008001c28        0x8 /home/edgarz/Downloads/st-stm32cubeide_1.2.0_5034_20200108_0926_amd64.sh.root/y/plugins/com.st.stm32cube.ide.mcu.externaltools.gnu-tools-for-stm32.7-2018-q2-update.linux64_1.0.0.201904181610/tools/bin/../lib/gcc/arm-none-eabi/7.3.1/thumb/v6-m/crtn.o
 *(.fini)
 .fini          0x0000000008001c30        0x4 /home/edgarz/Downloads/st-stm32cubeide_1.2.0_5034_20200108_0926_amd64.sh.root/y/plugins/com.st.stm32cube.ide.mcu.externaltools.gnu-tools-for-stm32.7-2018-q2-update.linux64_1.0.0.201904181610/tools/bin/../lib/gcc/arm-none-eabi/7.3.1/thumb/v6-m/crti.o
                0x0000000008001c30                _fini
 .fini          0x0000000008001c34        0x8 /home/edgarz/Downloads/st-stm32cubeide_1.2.0_5034_20200108_0926_amd64.sh.root/y/plugins/com.st.stm32cube.ide.mcu.externaltools.gnu-tools-for-stm32.7-2018-q2-update.linux64_1.0.0.201904181610/tools/bin/../lib/gcc/arm-none-eabi/7.3.1/thumb/v6-m/crtn.o
                0x0000000008001c3c                . = ALIGN (0x4)
                0x0000000008001c3c                _etext = .

.vfp11_veneer   0x0000000008001c3c        0x0
 .vfp11_veneer  0x0000000008001c3c        0x0 linker stubs

.v4_bx          0x0000000008001c3c        0x0
 .v4_bx         0x0000000008001c3c        0x0 linker stubs

.iplt           0x0000000008001c3c        0x0
 .iplt          0x0000000008001c3c        0x0 /home/edgarz/Downloads/st-stm32cubeide_1.2.0_5034_20200108_0926_amd64.sh.root/y/plugins/com.st.stm32cube.ide.mcu.externaltools.gnu-tools-for-stm32.7-2018-q2-update.linux64_1.0.0.201904181610/tools/bin/../lib/gcc/arm-none-eabi/7.3.1/thumb/v6-m/crtbegin.o

.rodata         0x0000000008001c3c        0x8
                0x0000000008001c3c                . = ALIGN (0x4)
 *(.rodata)
 *(.rodata*)
 .rodata.CHANNEL_OFFSET_TAB
                0x0000000008001c3c        0x7 Core/Src/main.o
                0x0000000008001c44                . = ALIGN (0x4)
 *fill*         0x0000000008001c43        0x1 

.rel.dyn        0x0000000008001c44        0x0
 .rel.iplt      0x0000000008001c44        0x0 /home/edgarz/Downloads/st-stm32cubeide_1.2.0_5034_20200108_0926_amd64.sh.root/y/plugins/com.st.stm32cube.ide.mcu.externaltools.gnu-tools-for-stm32.7-2018-q2-update.linux64_1.0.0.201904181610/tools/bin/../lib/gcc/arm-none-eabi/7.3.1/thumb/v6-m/crtbegin.o

.ARM.extab      0x0000000008001c44        0x0
                0x0000000008001c44                . = ALIGN (0x4)
 *(.ARM.extab* .gnu.linkonce.armextab.*)
                0x0000000008001c44                . = ALIGN (0x4)

.ARM            0x0000000008001c44        0x0
                0x0000000008001c44                . = ALIGN (0x4)
                0x0000000008001c44                __exidx_start = .
 *(.ARM.exidx*)
                0x0000000008001c44                __exidx_end = .
                0x0000000008001c44                . = ALIGN (0x4)

.preinit_array  0x0000000008001c44        0x0
                0x0000000008001c44                . = ALIGN (0x4)
                0x0000000008001c44                PROVIDE (__preinit_array_start = .)
 *(.preinit_array*)
                0x0000000008001c44                PROVIDE (__preinit_array_end = .)
                0x0000000008001c44                . = ALIGN (0x4)

.init_array     0x0000000008001c44        0x4
                0x0000000008001c44                . = ALIGN (0x4)
                0x0000000008001c44                PROVIDE (__init_array_start = .)
 *(SORT_BY_NAME(.init_array.*))
 *(.init_array*)
 .init_array    0x0000000008001c44        0x4 /home/edgarz/Downloads/st-stm32cubeide_1.2.0_5034_20200108_0926_amd64.sh.root/y/plugins/com.st.stm32cube.ide.mcu.externaltools.gnu-tools-for-stm32.7-2018-q2-update.linux64_1.0.0.201904181610/tools/bin/../lib/gcc/arm-none-eabi/7.3.1/thumb/v6-m/crtbegin.o
                0x0000000008001c48                PROVIDE (__init_array_end = .)
                0x0000000008001c48                . = ALIGN (0x4)

.fini_array     0x0000000008001c48        0x4
                0x0000000008001c48                . = ALIGN (0x4)
                [!provide]                        PROVIDE (__fini_array_start = .)
 *(SORT_BY_NAME(.fini_array.*))
 *(.fini_array*)
 .fini_array    0x0000000008001c48        0x4 /home/edgarz/Downloads/st-stm32cubeide_1.2.0_5034_20200108_0926_amd64.sh.root/y/plugins/com.st.stm32cube.ide.mcu.externaltools.gnu-tools-for-stm32.7-2018-q2-update.linux64_1.0.0.201904181610/tools/bin/../lib/gcc/arm-none-eabi/7.3.1/thumb/v6-m/crtbegin.o
                [!provide]                        PROVIDE (__fini_array_end = .)
                0x0000000008001c4c                . = ALIGN (0x4)
                0x0000000008001c4c                _sidata = LOADADDR (.data)

.data           0x0000000020000000        0x4 load address 0x0000000008001c4c
                0x0000000020000000                . = ALIGN (0x4)
                0x0000000020000000                _sdata = .
 *(.data)
 *(.data*)
 .data.SystemCoreClock
                0x0000000020000000        0x4 Core/Src/system_stm32l0xx.o
                0x0000000020000000                SystemCoreClock
                0x0000000020000004                . = ALIGN (0x4)
                0x0000000020000004                _edata = .

.igot.plt       0x0000000020000004        0x0 load address 0x0000000008001c50
 .igot.plt      0x0000000020000004        0x0 /home/edgarz/Downloads/st-stm32cubeide_1.2.0_5034_20200108_0926_amd64.sh.root/y/plugins/com.st.stm32cube.ide.mcu.externaltools.gnu-tools-for-stm32.7-2018-q2-update.linux64_1.0.0.201904181610/tools/bin/../lib/gcc/arm-none-eabi/7.3.1/thumb/v6-m/crtbegin.o
                0x0000000020000004                . = ALIGN (0x4)

.bss            0x0000000020000004       0x24 load address 0x0000000008001c50
                0x0000000020000004                _sbss = .
                0x0000000020000004                __bss_start__ = _sbss
 *(.bss)
 .bss           0x0000000020000004       0x1c /home/edgarz/Downloads/st-stm32cubeide_1.2.0_5034_20200108_0926_amd64.sh.root/y/plugins/com.st.stm32cube.ide.mcu.externaltools.gnu-tools-for-stm32.7-2018-q2-update.linux64_1.0.0.201904181610/tools/bin/../lib/gcc/arm-none-eabi/7.3.1/thumb/v6-m/crtbegin.o
 *(.bss*)
 .bss.i         0x0000000020000020        0x1 Core/Src/main.o
                0x0000000020000020                i
 .bss.j         0x0000000020000021        0x1 Core/Src/main.o
                0x0000000020000021                j
 *fill*         0x0000000020000022        0x2 
 .bss.ms_counter
                0x0000000020000024        0x4 Core/Src/stm32l0xx_it.o
                0x0000000020000024                ms_counter
 *(COMMON)
                0x0000000020000028                . = ALIGN (0x4)
                0x0000000020000028                _ebss = .
                0x0000000020000028                __bss_end__ = _ebss

._user_heap_stack
                0x0000000020000028      0x600 load address 0x0000000008001c50
                0x0000000020000028                . = ALIGN (0x8)
                0x0000000020000028                PROVIDE (end = .)
                [!provide]                        PROVIDE (_end = .)
                0x0000000020000228                . = (. + _Min_Heap_Size)
 *fill*         0x0000000020000028      0x200 
                0x0000000020000628                . = (. + _Min_Stack_Size)
 *fill*         0x0000000020000228      0x400 
                0x0000000020000628                . = ALIGN (0x8)

/DISCARD/
 libc.a(*)
 libm.a(*)
 libgcc.a(*)

.ARM.attributes
                0x0000000000000000       0x28
 *(.ARM.attributes)
 .ARM.attributes
                0x0000000000000000       0x1e /home/edgarz/Downloads/st-stm32cubeide_1.2.0_5034_20200108_0926_amd64.sh.root/y/plugins/com.st.stm32cube.ide.mcu.externaltools.gnu-tools-for-stm32.7-2018-q2-update.linux64_1.0.0.201904181610/tools/bin/../lib/gcc/arm-none-eabi/7.3.1/thumb/v6-m/crti.o
 .ARM.attributes
                0x000000000000001e       0x2c /home/edgarz/Downloads/st-stm32cubeide_1.2.0_5034_20200108_0926_amd64.sh.root/y/plugins/com.st.stm32cube.ide.mcu.externaltools.gnu-tools-for-stm32.7-2018-q2-update.linux64_1.0.0.201904181610/tools/bin/../lib/gcc/arm-none-eabi/7.3.1/thumb/v6-m/crtbegin.o
 .ARM.attributes
                0x000000000000004a       0x32 Core/Src/BinaryWristWatch.o
 .ARM.attributes
                0x000000000000007c       0x32 Core/Src/main.o
 .ARM.attributes
                0x00000000000000ae       0x32 Core/Src/stm32l0xx_it.o
 .ARM.attributes
                0x00000000000000e0       0x32 Core/Src/system_stm32l0xx.o
 .ARM.attributes
                0x0000000000000112       0x22 Core/Startup/startup_stm32l031k6tx.o
 .ARM.attributes
                0x0000000000000134       0x32 Drivers/STM32L0xx_HAL_Driver/Src/stm32l0xx_ll_adc.o
 .ARM.attributes
                0x0000000000000166       0x32 Drivers/STM32L0xx_HAL_Driver/Src/stm32l0xx_ll_gpio.o
 .ARM.attributes
                0x0000000000000198       0x32 Drivers/STM32L0xx_HAL_Driver/Src/stm32l0xx_ll_rtc.o
 .ARM.attributes
                0x00000000000001ca       0x32 Drivers/STM32L0xx_HAL_Driver/Src/stm32l0xx_ll_utils.o
 .ARM.attributes
                0x00000000000001fc       0x2c /home/edgarz/Downloads/st-stm32cubeide_1.2.0_5034_20200108_0926_amd64.sh.root/y/plugins/com.st.stm32cube.ide.mcu.externaltools.gnu-tools-for-stm32.7-2018-q2-update.linux64_1.0.0.201904181610/tools/bin/../lib/gcc/arm-none-eabi/7.3.1/../../../../arm-none-eabi/lib/thumb/v6-m/libc_nano.a(lib_a-init.o)
 .ARM.attributes
                0x0000000000000228       0x2c /home/edgarz/Downloads/st-stm32cubeide_1.2.0_5034_20200108_0926_amd64.sh.root/y/plugins/com.st.stm32cube.ide.mcu.externaltools.gnu-tools-for-stm32.7-2018-q2-update.linux64_1.0.0.201904181610/tools/bin/../lib/gcc/arm-none-eabi/7.3.1/../../../../arm-none-eabi/lib/thumb/v6-m/libc_nano.a(lib_a-memset.o)
 .ARM.attributes
                0x0000000000000254       0x1e /home/edgarz/Downloads/st-stm32cubeide_1.2.0_5034_20200108_0926_amd64.sh.root/y/plugins/com.st.stm32cube.ide.mcu.externaltools.gnu-tools-for-stm32.7-2018-q2-update.linux64_1.0.0.201904181610/tools/bin/../lib/gcc/arm-none-eabi/7.3.1/thumb/v6-m/libgcc.a(_udivsi3.o)
 .ARM.attributes
                0x0000000000000272       0x1e /home/edgarz/Downloads/st-stm32cubeide_1.2.0_5034_20200108_0926_amd64.sh.root/y/plugins/com.st.stm32cube.ide.mcu.externaltools.gnu-tools-for-stm32.7-2018-q2-update.linux64_1.0.0.201904181610/tools/bin/../lib/gcc/arm-none-eabi/7.3.1/thumb/v6-m/libgcc.a(_dvmd_tls.o)
 .ARM.attributes
                0x0000000000000290       0x1e /home/edgarz/Downloads/st-stm32cubeide_1.2.0_5034_20200108_0926_amd64.sh.root/y/plugins/com.st.stm32cube.ide.mcu.externaltools.gnu-tools-for-stm32.7-2018-q2-update.linux64_1.0.0.201904181610/tools/bin/../lib/gcc/arm-none-eabi/7.3.1/thumb/v6-m/crtn.o
OUTPUT(LLP_WristClock.elf elf32-littlearm)

.debug_info     0x0000000000000000     0x3f26
 .debug_info    0x0000000000000000      0x3a8 Core/Src/BinaryWristWatch.o
 .debug_info    0x00000000000003a8     0x1376 Core/Src/main.o
 .debug_info    0x000000000000171e      0x1ae Core/Src/stm32l0xx_it.o
 .debug_info    0x00000000000018cc      0x37d Core/Src/system_stm32l0xx.o
 .debug_info    0x0000000000001c49       0x22 Core/Startup/startup_stm32l031k6tx.o
 .debug_info    0x0000000000001c6b      0x79c Drivers/STM32L0xx_HAL_Driver/Src/stm32l0xx_ll_adc.o
 .debug_info    0x0000000000002407      0x5fc Drivers/STM32L0xx_HAL_Driver/Src/stm32l0xx_ll_gpio.o
 .debug_info    0x0000000000002a03      0xcf6 Drivers/STM32L0xx_HAL_Driver/Src/stm32l0xx_ll_rtc.o
 .debug_info    0x00000000000036f9      0x82d Drivers/STM32L0xx_HAL_Driver/Src/stm32l0xx_ll_utils.o

.debug_abbrev   0x0000000000000000      0xd1b
 .debug_abbrev  0x0000000000000000      0x150 Core/Src/BinaryWristWatch.o
 .debug_abbrev  0x0000000000000150      0x287 Core/Src/main.o
 .debug_abbrev  0x00000000000003d7       0xa3 Core/Src/stm32l0xx_it.o
 .debug_abbrev  0x000000000000047a      0x100 Core/Src/system_stm32l0xx.o
 .debug_abbrev  0x000000000000057a       0x12 Core/Startup/startup_stm32l031k6tx.o
 .debug_abbrev  0x000000000000058c      0x1c7 Drivers/STM32L0xx_HAL_Driver/Src/stm32l0xx_ll_adc.o
 .debug_abbrev  0x0000000000000753      0x191 Drivers/STM32L0xx_HAL_Driver/Src/stm32l0xx_ll_gpio.o
 .debug_abbrev  0x00000000000008e4      0x217 Drivers/STM32L0xx_HAL_Driver/Src/stm32l0xx_ll_rtc.o
 .debug_abbrev  0x0000000000000afb      0x220 Drivers/STM32L0xx_HAL_Driver/Src/stm32l0xx_ll_utils.o

.debug_aranges  0x0000000000000000      0x600
 .debug_aranges
                0x0000000000000000       0x50 Core/Src/BinaryWristWatch.o
 .debug_aranges
                0x0000000000000050      0x1b0 Core/Src/main.o
 .debug_aranges
                0x0000000000000200       0x48 Core/Src/stm32l0xx_it.o
 .debug_aranges
                0x0000000000000248       0x28 Core/Src/system_stm32l0xx.o
 .debug_aranges
                0x0000000000000270       0x28 Core/Startup/startup_stm32l031k6tx.o
 .debug_aranges
                0x0000000000000298       0xa8 Drivers/STM32L0xx_HAL_Driver/Src/stm32l0xx_ll_adc.o
 .debug_aranges
                0x0000000000000340       0x70 Drivers/STM32L0xx_HAL_Driver/Src/stm32l0xx_ll_gpio.o
 .debug_aranges
                0x00000000000003b0      0x160 Drivers/STM32L0xx_HAL_Driver/Src/stm32l0xx_ll_rtc.o
 .debug_aranges
                0x0000000000000510       0xf0 Drivers/STM32L0xx_HAL_Driver/Src/stm32l0xx_ll_utils.o

.debug_ranges   0x0000000000000000      0x578
 .debug_ranges  0x0000000000000000       0x40 Core/Src/BinaryWristWatch.o
 .debug_ranges  0x0000000000000040      0x1a0 Core/Src/main.o
 .debug_ranges  0x00000000000001e0       0x38 Core/Src/stm32l0xx_it.o
 .debug_ranges  0x0000000000000218       0x18 Core/Src/system_stm32l0xx.o
 .debug_ranges  0x0000000000000230       0x20 Core/Startup/startup_stm32l031k6tx.o
 .debug_ranges  0x0000000000000250       0x98 Drivers/STM32L0xx_HAL_Driver/Src/stm32l0xx_ll_adc.o
 .debug_ranges  0x00000000000002e8       0x60 Drivers/STM32L0xx_HAL_Driver/Src/stm32l0xx_ll_gpio.o
 .debug_ranges  0x0000000000000348      0x150 Drivers/STM32L0xx_HAL_Driver/Src/stm32l0xx_ll_rtc.o
 .debug_ranges  0x0000000000000498       0xe0 Drivers/STM32L0xx_HAL_Driver/Src/stm32l0xx_ll_utils.o

.debug_macro    0x0000000000000000     0xb7bc
 .debug_macro   0x0000000000000000      0x148 Core/Src/BinaryWristWatch.o
 .debug_macro   0x0000000000000148      0xa8a Core/Src/BinaryWristWatch.o
 .debug_macro   0x0000000000000bd2       0x2e Core/Src/BinaryWristWatch.o
 .debug_macro   0x0000000000000c00       0x28 Core/Src/BinaryWristWatch.o
 .debug_macro   0x0000000000000c28       0x22 Core/Src/BinaryWristWatch.o
 .debug_macro   0x0000000000000c4a       0x8e Core/Src/BinaryWristWatch.o
 .debug_macro   0x0000000000000cd8       0x51 Core/Src/BinaryWristWatch.o
 .debug_macro   0x0000000000000d29       0xef Core/Src/BinaryWristWatch.o
 .debug_macro   0x0000000000000e18       0x6a Core/Src/BinaryWristWatch.o
 .debug_macro   0x0000000000000e82      0x1df Core/Src/BinaryWristWatch.o
 .debug_macro   0x0000000000001061       0x34 Core/Src/BinaryWristWatch.o
 .debug_macro   0x0000000000001095       0x26 Core/Src/BinaryWristWatch.o
 .debug_macro   0x00000000000010bb      0x329 Core/Src/BinaryWristWatch.o
 .debug_macro   0x00000000000013e4     0x7ef2 Core/Src/BinaryWristWatch.o
 .debug_macro   0x00000000000092d6       0x3c Core/Src/BinaryWristWatch.o
 .debug_macro   0x0000000000009312      0x6c6 Core/Src/BinaryWristWatch.o
 .debug_macro   0x00000000000099d8      0x303 Core/Src/BinaryWristWatch.o
 .debug_macro   0x0000000000009cdb      0x3b4 Core/Src/BinaryWristWatch.o
 .debug_macro   0x000000000000a08f       0xb5 Core/Src/BinaryWristWatch.o
 .debug_macro   0x000000000000a144      0x14b Core/Src/BinaryWristWatch.o
 .debug_macro   0x000000000000a28f      0x109 Core/Src/BinaryWristWatch.o
 .debug_macro   0x000000000000a398       0x16 Core/Src/BinaryWristWatch.o
 .debug_macro   0x000000000000a3ae       0x2a Core/Src/BinaryWristWatch.o
 .debug_macro   0x000000000000a3d8       0xcf Core/Src/BinaryWristWatch.o
 .debug_macro   0x000000000000a4a7      0x428 Core/Src/BinaryWristWatch.o
 .debug_macro   0x000000000000a8cf      0x12d Core/Src/BinaryWristWatch.o
 .debug_macro   0x000000000000a9fc       0x22 Core/Src/BinaryWristWatch.o
 .debug_macro   0x000000000000aa1e       0x10 Core/Src/BinaryWristWatch.o
 .debug_macro   0x000000000000aa2e      0x148 Core/Src/main.o
 .debug_macro   0x000000000000ab76      0x149 Core/Src/stm32l0xx_it.o
 .debug_macro   0x000000000000acbf       0xc3 Core/Src/system_stm32l0xx.o
 .debug_macro   0x000000000000ad82      0x134 Drivers/STM32L0xx_HAL_Driver/Src/stm32l0xx_ll_adc.o
 .debug_macro   0x000000000000aeb6       0xff Drivers/STM32L0xx_HAL_Driver/Src/stm32l0xx_ll_gpio.o
 .debug_macro   0x000000000000afb5      0x127 Drivers/STM32L0xx_HAL_Driver/Src/stm32l0xx_ll_gpio.o
 .debug_macro   0x000000000000b0dc      0x159 Drivers/STM32L0xx_HAL_Driver/Src/stm32l0xx_ll_rtc.o
 .debug_macro   0x000000000000b235      0x422 Drivers/STM32L0xx_HAL_Driver/Src/stm32l0xx_ll_rtc.o
 .debug_macro   0x000000000000b657      0x165 Drivers/STM32L0xx_HAL_Driver/Src/stm32l0xx_ll_utils.o

.debug_line     0x0000000000000000     0x3de9
 .debug_line    0x0000000000000000      0x733 Core/Src/BinaryWristWatch.o
 .debug_line    0x0000000000000733      0xb22 Core/Src/main.o
 .debug_line    0x0000000000001255      0x6b3 Core/Src/stm32l0xx_it.o
 .debug_line    0x0000000000001908      0x53b Core/Src/system_stm32l0xx.o
 .debug_line    0x0000000000001e43       0x8a Core/Startup/startup_stm32l031k6tx.o
 .debug_line    0x0000000000001ecd      0x700 Drivers/STM32L0xx_HAL_Driver/Src/stm32l0xx_ll_adc.o
 .debug_line    0x00000000000025cd      0x668 Drivers/STM32L0xx_HAL_Driver/Src/stm32l0xx_ll_gpio.o
 .debug_line    0x0000000000002c35      0x997 Drivers/STM32L0xx_HAL_Driver/Src/stm32l0xx_ll_rtc.o
 .debug_line    0x00000000000035cc      0x81d Drivers/STM32L0xx_HAL_Driver/Src/stm32l0xx_ll_utils.o

.debug_str      0x0000000000000000    0x3fec1
 .debug_str     0x0000000000000000    0x3c359 Core/Src/BinaryWristWatch.o
                                      0x3c58c (size before relaxing)
 .debug_str     0x000000000003c359      0xa21 Core/Src/main.o
                                      0x3cfcd (size before relaxing)
 .debug_str     0x000000000003cd7a       0x8f Core/Src/stm32l0xx_it.o
                                      0x3c496 (size before relaxing)
 .debug_str     0x000000000003ce09       0x77 Core/Src/system_stm32l0xx.o
                                      0x311d1 (size before relaxing)
 .debug_str     0x000000000003ce80       0x36 Core/Startup/startup_stm32l031k6tx.o
                                         0x75 (size before relaxing)
 .debug_str     0x000000000003ceb6      0xe6f Drivers/STM32L0xx_HAL_Driver/Src/stm32l0xx_ll_adc.o
                                      0x36f1e (size before relaxing)
 .debug_str     0x000000000003dd25      0x54f Drivers/STM32L0xx_HAL_Driver/Src/stm32l0xx_ll_gpio.o
                                      0x323af (size before relaxing)
 .debug_str     0x000000000003e274      0xe96 Drivers/STM32L0xx_HAL_Driver/Src/stm32l0xx_ll_rtc.o
                                      0x33c23 (size before relaxing)
 .debug_str     0x000000000003f10a      0xdb7 Drivers/STM32L0xx_HAL_Driver/Src/stm32l0xx_ll_utils.o
                                      0x347fe (size before relaxing)

.comment        0x0000000000000000       0x7b
 .comment       0x0000000000000000       0x7b Core/Src/BinaryWristWatch.o
                                         0x7c (size before relaxing)
 .comment       0x000000000000007b       0x7c Core/Src/main.o
 .comment       0x000000000000007b       0x7c Core/Src/stm32l0xx_it.o
 .comment       0x000000000000007b       0x7c Core/Src/system_stm32l0xx.o
 .comment       0x000000000000007b       0x7c Drivers/STM32L0xx_HAL_Driver/Src/stm32l0xx_ll_adc.o
 .comment       0x000000000000007b       0x7c Drivers/STM32L0xx_HAL_Driver/Src/stm32l0xx_ll_gpio.o
 .comment       0x000000000000007b       0x7c Drivers/STM32L0xx_HAL_Driver/Src/stm32l0xx_ll_rtc.o
 .comment       0x000000000000007b       0x7c Drivers/STM32L0xx_HAL_Driver/Src/stm32l0xx_ll_utils.o

.debug_frame    0x0000000000000000     0x14d8
 .debug_frame   0x0000000000000000       0xf0 Core/Src/BinaryWristWatch.o
 .debug_frame   0x00000000000000f0      0x638 Core/Src/main.o
 .debug_frame   0x0000000000000728       0xb8 Core/Src/stm32l0xx_it.o
 .debug_frame   0x00000000000007e0       0x4c Core/Src/system_stm32l0xx.o
 .debug_frame   0x000000000000082c      0x250 Drivers/STM32L0xx_HAL_Driver/Src/stm32l0xx_ll_adc.o
 .debug_frame   0x0000000000000a7c      0x170 Drivers/STM32L0xx_HAL_Driver/Src/stm32l0xx_ll_gpio.o
 .debug_frame   0x0000000000000bec      0x53c Drivers/STM32L0xx_HAL_Driver/Src/stm32l0xx_ll_rtc.o
 .debug_frame   0x0000000000001128      0x344 Drivers/STM32L0xx_HAL_Driver/Src/stm32l0xx_ll_utils.o
 .debug_frame   0x000000000000146c       0x2c /home/edgarz/Downloads/st-stm32cubeide_1.2.0_5034_20200108_0926_amd64.sh.root/y/plugins/com.st.stm32cube.ide.mcu.externaltools.gnu-tools-for-stm32.7-2018-q2-update.linux64_1.0.0.201904181610/tools/bin/../lib/gcc/arm-none-eabi/7.3.1/../../../../arm-none-eabi/lib/thumb/v6-m/libc_nano.a(lib_a-init.o)
 .debug_frame   0x0000000000001498       0x20 /home/edgarz/Downloads/st-stm32cubeide_1.2.0_5034_20200108_0926_amd64.sh.root/y/plugins/com.st.stm32cube.ide.mcu.externaltools.gnu-tools-for-stm32.7-2018-q2-update.linux64_1.0.0.201904181610/tools/bin/../lib/gcc/arm-none-eabi/7.3.1/../../../../arm-none-eabi/lib/thumb/v6-m/libc_nano.a(lib_a-memset.o)
 .debug_frame   0x00000000000014b8       0x20 /home/edgarz/Downloads/st-stm32cubeide_1.2.0_5034_20200108_0926_amd64.sh.root/y/plugins/com.st.stm32cube.ide.mcu.externaltools.gnu-tools-for-stm32.7-2018-q2-update.linux64_1.0.0.201904181610/tools/bin/../lib/gcc/arm-none-eabi/7.3.1/thumb/v6-m/libgcc.a(_udivsi3.o)
