core_cm0plus.h:745:22:NVIC_EnableIRQ	16	static
core_cm0plus.h:804:22:NVIC_SetPriority	24	static
stm32l0xx_ll_adc.h:1735:22:LL_ADC_SetCommonFrequencyMode	16	static
stm32l0xx_ll_adc.h:2151:22:LL_ADC_SetSamplingTimeCommonChannels	16	static
stm32l0xx_ll_adc.h:2339:22:LL_ADC_REG_SetSequencerScanDirection	16	static
stm32l0xx_ll_adc.h:2545:22:LL_ADC_REG_SetSequencerChAdd	16	static
stm32l0xx_ll_adc.h:3135:22:LL_ADC_SetOverSamplingScope	16	static
stm32l0xx_ll_adc.h:3303:22:LL_ADC_EnableInternalRegulator	16	static
stm32l0xx_ll_adc.h:3877:22:LL_ADC_DisableIT_EOC	16	static
stm32l0xx_ll_adc.h:3888:22:LL_ADC_DisableIT_EOS	16	static
stm32l0xx_ll_dma.h:606:22:LL_DMA_SetDataTransferDirection	24	static
stm32l0xx_ll_dma.h:655:22:LL_DMA_SetMode	24	static
stm32l0xx_ll_dma.h:700:22:LL_DMA_SetPeriphIncMode	24	static
stm32l0xx_ll_dma.h:745:22:LL_DMA_SetMemoryIncMode	24	static
stm32l0xx_ll_dma.h:791:22:LL_DMA_SetPeriphSize	24	static
stm32l0xx_ll_dma.h:838:22:LL_DMA_SetMemorySize	24	static
stm32l0xx_ll_dma.h:886:22:LL_DMA_SetChannelPriorityLevel	24	static
stm32l0xx_ll_dma.h:1207:22:LL_DMA_SetPeriphRequest	24	static
stm32l0xx_ll_rcc.h:1125:22:LL_RCC_LSI_Enable	8	static
stm32l0xx_ll_rcc.h:1145:26:LL_RCC_LSI_IsReady	8	static
stm32l0xx_ll_rcc.h:1163:22:LL_RCC_MSI_Enable	8	static
stm32l0xx_ll_rcc.h:1183:26:LL_RCC_MSI_IsReady	8	static
stm32l0xx_ll_rcc.h:1201:22:LL_RCC_MSI_SetRange	16	static
stm32l0xx_ll_rcc.h:1242:22:LL_RCC_MSI_SetCalibTrimming	16	static
stm32l0xx_ll_rcc.h:1275:22:LL_RCC_SetSysClkSource	16	static
stm32l0xx_ll_rcc.h:1289:26:LL_RCC_GetSysClkSource	8	static
stm32l0xx_ll_rcc.h:1309:22:LL_RCC_SetAHBPrescaler	16	static
stm32l0xx_ll_rcc.h:1325:22:LL_RCC_SetAPB1Prescaler	16	static
stm32l0xx_ll_rcc.h:1341:22:LL_RCC_SetAPB2Prescaler	16	static
stm32l0xx_ll_rcc.h:1702:22:LL_RCC_SetRTCClockSource	16	static
stm32l0xx_ll_rcc.h:1726:22:LL_RCC_EnableRTC	8	static
stm32l0xx_ll_rcc.h:1756:22:LL_RCC_ForceBackupDomainReset	8	static
stm32l0xx_ll_rcc.h:1766:22:LL_RCC_ReleaseBackupDomainReset	8	static
stm32l0xx_ll_bus.h:224:22:LL_AHB1_GRP1_EnableClock	24	static
stm32l0xx_ll_bus.h:440:22:LL_APB1_GRP1_EnableClock	24	static
stm32l0xx_ll_bus.h:786:22:LL_APB2_GRP1_EnableClock	24	static
stm32l0xx_ll_bus.h:987:22:LL_IOP_GRP1_EnableClock	24	static
stm32l0xx_ll_system.h:912:22:LL_FLASH_SetLatency	16	static
stm32l0xx_ll_system.h:924:26:LL_FLASH_GetLatency	8	static
stm32l0xx_ll_cortex.h:232:22:LL_SYSTICK_SetClkSource	16	static
stm32l0xx_ll_cortex.h:261:22:LL_SYSTICK_EnableIT	8	static
stm32l0xx_ll_pwr.h:272:22:LL_PWR_SetRegulVoltageScaling	16	static
stm32l0xx_ll_pwr.h:295:22:LL_PWR_EnableBkUpAccess	8	static
stm32l0xx_ll_gpio.h:872:22:LL_GPIO_ResetOutputPin	16	static
main.c:73:5:main	8	static
main.c:142:6:SystemClock_Config	8	static
main.c:194:13:MX_ADC_Init	80	static
main.c:275:13:MX_RTC_Init	40	static
main.c:316:13:MX_DMA_Init	8	static
main.c:334:13:MX_GPIO_Init	32	static
main.c:430:6:Error_Handler	8	static
